// Jest Snapshot v1, https://goo.gl/fbAQLP

exports[`<Contacts /> should match snapshot 1`] = `
<Styled(footer)>
  <OutboundLink
    eventLabel="Github"
    onClick={null}
    target="_blank"
    title="Github link"
    to="https://github.com/Flavien-Pensato"
    trackerNames={null}
  >
    <i
      className="nes-icon github is-medium"
    />
  </OutboundLink>
  <OutboundLink
    eventLabel="Linkedin"
    onClick={null}
    target="_blank"
    title="Linkedin link"
    to="https://www.linkedin.com/in/flavien-pensato-708190a7"
    trackerNames={null}
  >
    <i
      className="nes-icon linkedin is-medium"
    />
  </OutboundLink>
</Styled(footer)>
`;
